// Jest Snapshot v1, https://goo.gl/fbAQLP

exports[`app should match the snapshop 1`] = `
<ContextConsumer>
  <Component />
</ContextConsumer>
`;
