// Jest Snapshot v1, https://goo.gl/fbAQLP

exports[`app should match the snapshot 1`] = `
<div>
  <Connect(RatingsView) />
</div>
`;
