// Jest Snapshot v1, https://goo.gl/fbAQLP

exports[`test create article view it should match snapshot 1`] = `
<ContextConsumer>
  <Component />
</ContextConsumer>
`;
