// Jest Snapshot v1, https://goo.gl/fbAQLP

exports[`Add LikeDislike Component Tests it should match snapshot 1`] = `
<ContextConsumer>
  <Component />
</ContextConsumer>
`;
